{имя: Иван, возраст: 30, город: Казань, профессия: врач, хобби: шахматы}
[имя, возраст, город, профессия, хобби]
[Иван, 30, Казань, врач, шахматы]
{"имя":"Иван","возраст":30,"город":"Казань","профессия":"врач","хобби":"шахматы"}
Иван
30
Казань
врач
шахматы
[первый, второй, третий, четвёртый]
[первый, второй, третий, четвёртый]
[100, 2, 3, 4]
